
> axjc-mobile-react-template@0.0.0 build
> vite build

[36mvite v7.3.6 [32mbuilding client environment for production...[36m[39m
transforming...
[32m✓[39m 2053 modules transformed.
rendering chunks...
computing gzip size...
[2mdist/[22m[32mindex.html                    [39m[1m[2m  0.73 kB[22m[1m[22m[2m │ gzip:   0.38 kB[22m
[2mdist/[22m[32massets/keumgang-B9Qp2OIs.png  [39m[1m[2m169.65 kB[22m[1m[22m
[2mdist/[22m[35massets/index-CBN2ShVp.css     [39m[1m[2m 41.27 kB[22m[1m[22m[2m │ gzip:   7.26 kB[22m
[2mdist/[22m[36massets/index-DgK2fiLW.js      [39m[1m[33m517.33 kB[39m[22m[2m │ gzip: 148.79 kB[22m
[33m
(!) Some chunks are larger than 500 kB after minification. Consider:
- Using dynamic import() to code-split the application
- Use build.rollupOptions.output.manualChunks to improve chunking: https://rollupjs.org/configuration-options/#output-manualchunks
- Adjust chunk size limit for this warning via build.chunkSizeWarningLimit.[39m
[32m✓ built in 16.40s[39m
